[33m>[39m Building...
[32mÔêÜ[39m Building...
[1mInitial chunk files[22m[2m | [22m[1mNames[22m        [2m | [22m [1mRaw size[22m[2m | [22m[1mEstimated transfer size[22m
[32mmain-J57ADB3U.js[39m   [2m | [22m[2mmain[22m         [2m | [22m  [36m1.41 MB[39m[2m | [22m              [36m285.66 kB[39m
[32mstyles-RPDGLNFB.css[39m[2m | [22m[2mstyles[22m       [2m | [22m[36m103.56 kB[39m[2m | [22m               [36m20.51 kB[39m

[1m [22m                  [2m | [22m[1mInitial total[22m[2m | [22m  [1m1.51 MB[22m[2m | [22m              [1m306.17 kB[22m

Application bundle generation complete. [10.160 seconds] - 2026-06-30T19:39:18.185Z

node.exe : [1m[33m[33mÔû▓ [43;33m[[43;30mWARNING[43;33m][0m [1msrc/app/auth/login/login.css exceeded maximum 
budget. Budget 4.00 kB was not met by 180 bytes with a total of 4.18 kB.[0m
En línea: 1 Carácter: 1
+ & "C:\nvm4w\nodejs/node.exe" "C:\nvm4w\nodejs/node_modules/npm/bin/np ...
+ ~~~~~~~~~~~~~~~~~~~~~~~~~~~~~~~~~~~~~~~~~~~~~~~~~~~~~~~~~~~~~~~~~~~~~
    + CategoryInfo          : NotSpecified: ([1m[33m[33mÔ...of 4.18 kB.[0m:String) [], RemoteException
    + FullyQualifiedErrorId : NativeCommandError
 


[33mÔû▓ [43;33m[[43;30mWARNING[43;33m][0m [1msrc/app/alumno/mi-progreso/mi-progreso.css exceeded maximum budget. 
Budget 4.00 kB was not met by 1.43 kB with a total of 5.43 kB.[0m


[33mÔû▓ [43;33m[[43;30mWARNING[43;33m][0m [1msrc/app/admin/solicitudes/solicitudes.css exceeded maximum budget. 
Budget 4.00 kB was not met by 2.03 kB with a total of 6.03 kB.[0m


[33mÔû▓ [43;33m[[43;30mWARNING[43;33m][0m [1msrc/app/alumno/nueva-solicitud/nueva-solicitud.css exceeded maximum 
budget. Budget 4.00 kB was not met by 1.26 kB with a total of 5.26 kB.[0m


[33mÔû▓ [43;33m[[43;30mWARNING[43;33m][0m [1msrc/app/shared/components/progreso-alumno/progreso-alumno.css 
exceeded maximum budget. Budget 4.00 kB was not met by 1.43 kB with a total of 5.43 kB.[0m


[33mÔû▓ [43;33m[[43;30mWARNING[43;33m][0m [1msrc/app/admin/resumen/resumen.css exceeded maximum budget. Budget 
4.00 kB was not met by 1.85 kB with a total of 5.85 kB.[0m

[39m[22m
Output location: C:\TDIS\tdis_frontend\dist\tdis_frontend

